# 磁盘分区挂载及分区挂载磁盘配额

## 磁盘分区与挂载

常用命令：

​	fdisk

​	mkfs

​	parted

​	mount

常见配置文件：

​	/etc/fstab

### fdisk命令：

```python
fdisk -l  # 查看机器分区信息

fdisk /dev/sdb  # 对/dev/sdb 磁盘进行分区，分区之前要确保磁盘中是没有数据的

m # 查看fdisk命令帮助信息

n # 进行分区

p # 进行主分区

分区号：1  # 分区号默认为1，即sdb1

起始 扇区 （2048-134217727，默认为 2048）：
将使用默认值 2048
Last 扇区，+扇区 or +size{K,M,G} (2048-134217727，默认为 134217727)：+50G 

# 上述配置是说给sdb1扇区分50GB大小
# 若全部采用默认值，则将所有磁盘资源分配给sdb1扇区

p  # 查看当前分区

w  # 保存配置，将配置由内存同步到磁盘

q # 不保存并退出fdisk交互界面

# 格式化
mkfs.xfs /dev/sdb1   # 将/dev/sdb1盘符格式化

# 挂载目录
[root@A01-R06-I5-230-4000048 --prod-- export]# mkdir -p /export/  # -p 表示，如果目录不存在则新建，如果目录存在，则不创建
[root@A01-R06-I5-230-4000048 --prod-- export]# mount /dev/sdb1 /export/
[root@A01-R06-I5-230-4000048 --prod-- export]# df -h
Filesystem      Size  Used Avail Use% Mounted on
/dev/sda3       100G  2.5G   98G   3% /
devtmpfs         63G     0   63G   0% /dev
tmpfs            63G     0   63G   0% /dev/shm
tmpfs            63G   18M   63G   1% /run
tmpfs            63G     0   63G   0% /sys/fs/cgroup
/dev/sda1      1014M  194M  821M  20% /boot
tmpfs            13G     0   13G   0% /run/user/0
/dev/sdb1       8.8T   33M  8.8T   1% /export

# 根据df -h返回的信息可知，已成功完成sdb磁盘的分区与挂载，但此时只是临时的分区与挂载，机器重启后会失效，要想使用永久配置，需要将分区与挂载的信息写入/etc/fstab 文件

[root@A01-R06-I5-230-4000048 --prod-- export]# echo "/dev/sdb1 /export xfs defaults 0 0" >>/etc/fstab
[root@A01-R06-I5-230-4000048 --prod-- export]# cat /etc/fstab 
LABEL=label_boot   /boot                   xfs     defaults        0 0
LABEL=label_swap    swap                    swap                   defaults        0 0
LABEL=label_root    /                       xfs     defaults        0 0
/dev/sdb1 /export xfs defaults 0 0

# 这样机器重启后，分区与挂载信息也不会丢失

# 注意：分区与挂载后，/export 中的数据会被初始化，要谨慎操作。。。
```

### parted命令：

fdisk -l 命令可以用来查看分区信息

```python
[root@A01-R06-I5-230-4000048 --prod-- export]# fdisk -l

Disk /dev/sda: 299.0 GB, 298999349248 bytes, 583983104 sectors
Units = sectors of 1 * 512 = 512 bytes
Sector size (logical/physical): 512 bytes / 4096 bytes
I/O size (minimum/optimal): 4096 bytes / 4096 bytes
Disk label type: dos
Disk identifier: 0x0003a8e1

   Device Boot      Start         End      Blocks   Id  System
/dev/sda1   *        2048     2099199     1048576   83  Linux
/dev/sda2         2099200    35651583    16776192   82  Linux swap / Solaris
/dev/sda3        35651584   245417983   104883200   83  Linux
/dev/sda4       245417984   583983103   169282560    f  W95 Ext'd (LBA)

Disk /dev/sdb: 9595.0 GB, 9594999930880 bytes, 18740234240 sectors
Units = sectors of 1 * 512 = 512 bytes
Sector size (logical/physical): 512 bytes / 4096 bytes
I/O size (minimum/optimal): 4096 bytes / 4096 bytes
```

mount 命令可以用来查看挂载信息

```

```



若磁盘空间小于2T，可以用fdisk命令进行分区；

若磁盘空间大于2T，只能用parted命令进行分区

操作步骤：

```python
[root@A01-R06-I5-230-4000048 --prod-- export]# fdisk -l

Disk /dev/sda: 299.0 GB, 298999349248 bytes, 583983104 sectors
Units = sectors of 1 * 512 = 512 bytes
Sector size (logical/physical): 512 bytes / 4096 bytes
I/O size (minimum/optimal): 4096 bytes / 4096 bytes
Disk label type: dos
Disk identifier: 0x0003a8e1

   Device Boot      Start         End      Blocks   Id  System
/dev/sda1   *        2048     2099199     1048576   83  Linux
/dev/sda2         2099200    35651583    16776192   82  Linux swap / Solaris
/dev/sda3        35651584   245417983   104883200   83  Linux
/dev/sda4       245417984   583983103   169282560    f  W95 Ext'd (LBA)

Disk /dev/sdb: 9595.0 GB, 9594999930880 bytes, 18740234240 sectors
Units = sectors of 1 * 512 = 512 bytes
Sector size (logical/physical): 512 bytes / 4096 bytes
I/O size (minimum/optimal): 4096 bytes / 4096 bytes

# 从fdisk -l 命令返回的信息来看，sdb磁盘尚没有分区
# 因为sdb磁盘的空间为 9595.0 GB，大于2T，所以需要使用parted命令对于进行分区

###[root@A01-R06-I5-230-4000048 --prod-- export]# parted /dev/sdb
GNU Parted 3.1
Using /dev/sdb
Welcome to GNU Parted! Type 'help' to view a list of commands.

###(parted) mklabel gpt

###(parted) mkpart primary 0 -1        

Warning: The resulting partition is not properly aligned for best performance.
Ignore/Cancel? Ignore  

###(parted) p            

Model: LSI Logical Volume (scsi)
Disk /dev/sdb: 9595GB
Sector size (logical/physical): 512B/4096B
Partition Table: gpt
Disk Flags: 

Number  Start   End     Size    File system  Name     Flags
 1      17.4kB  9595GB  9595GB               primary

###(parted) q                                                                
Information: You may need to update /etc/fstab.  # 提示现在的分区只是完成了临时的，重启后就会失效，如果要永久生效，需要将分区信息写入 /etc/fstab 文件，这里暂时不用写入，挂载完成后，与挂载操作一起写入
    
# 格式化  -f 参数表示强制格式化
###[root@A01-R06-I5-230-4000048 --prod-- export]# mkfs.xfs /dev/sdb1
warning: device is not properly aligned /dev/sdb1
Use -f to force usage of a misaligned device
###[root@A01-R06-I5-230-4000048 --prod-- export]# mkfs.xfs -f /dev/sdb1
warning: device is not properly aligned /dev/sdb1
meta-data=/dev/sdb1              isize=256    agcount=9, agsize=268435455 blks
         =                       sectsz=512   attr=2, projid32bit=1
         =                       crc=0        finobt=0
data     =                       bsize=4096   blocks=2342529031, imaxpct=5
         =                       sunit=0      swidth=0 blks
naming   =version 2              bsize=4096   ascii-ci=0 ftype=0
log      =internal log           bsize=4096   blocks=521728, version=2
         =                       sectsz=512   sunit=0 blks, lazy-count=1
realtime =none                   extsz=4096   blocks=0, rtextents=0

# 挂载目录
###[root@A01-R06-I5-230-4000048 --prod-- export]# mkdir -p /export/  # -p 表示，如果目录不存在则新建，如果目录存在，则不创建
###[root@A01-R06-I5-230-4000048 --prod-- export]# mount /dev/sdb1 /export/
###[root@A01-R06-I5-230-4000048 --prod-- export]# df -h
Filesystem      Size  Used Avail Use% Mounted on
/dev/sda3       100G  2.5G   98G   3% /
devtmpfs         63G     0   63G   0% /dev
tmpfs            63G     0   63G   0% /dev/shm
tmpfs            63G   18M   63G   1% /run
tmpfs            63G     0   63G   0% /sys/fs/cgroup
/dev/sda1      1014M  194M  821M  20% /boot
tmpfs            13G     0   13G   0% /run/user/0
/dev/sdb1       8.8T   33M  8.8T   1% /export

# 根据df -h返回的信息可知，已成功完成sdb磁盘的分区与挂载，但此时只是临时的分区与挂载，机器重启后会失效，要想使用永久配置，需要将分区与挂载的信息写入/etc/fstab 文件

[root@A01-R06-I5-230-4000048 --prod-- export]# echo "/dev/sdb1 /export xfs defaults 0 0" >>/etc/fstab
[root@A01-R06-I5-230-4000048 --prod-- export]# cat /etc/fstab 
LABEL=label_boot   /boot                   xfs     defaults        0 0
LABEL=label_swap    swap                    swap                   defaults        0 0
LABEL=label_root    /                       xfs     defaults        0 0
/dev/sdb1 /export xfs defaults 0 0

# 这样机器重启后，分区与挂载信息也不会丢失

# 注意：分区与挂载后，/export 中的数据会被初始化，要谨慎操作。。。
```





## 分区挂载磁盘配额：

需要的时候，看极客时间视频！！！







# [linux分区命令parted的用法](https://www.cnblogs.com/wholj/p/10924129.html)



# parted的适用场景

- 创建操作大于2T的分区
  一般情况下，我们都是选择使用**fdisk**工具来进行分区，但是目前在实际生产环境中使用的磁盘空间越来越大，呈TiB级别增长；而常用的**fdisk**这个工具对分区是有大小限制的，它只能划分**小于2T**的磁盘，所以在划**大于2T**磁盘分区的时候**fdisk**就无法满足要求了；这个时候有2个方法，其一是通过卷管理来实现，其二就是通过**parted**工具来实现对**GPT**磁盘进行分区操作；这里我们采用**parted**的方法来实现管理。

# parted的2种使用方式

- 交互式
  手动按序交互式的创建；
- 非交互式
  可将命令行写在脚本中，运行脚本实现一键创建；适用于远程批量管理多台主机的场景。
- 两种方式比较
  两种方法的使用和原理其实是一样的；要想实现非交互式创建，无非是在每一个具体的交互式命令前加上`parted DEVICES_NAME`即可。

# parted实现分区管理实践

## 实验环境

### 操作系统

CentOS 7.5

### 磁盘信息

- 待管理磁盘
  /dev/sdb
- 磁盘总大小
  18T
- 分区需求
  将整个**/dev/sdb**划分到同一个分区里，并挂载到***/gfsdata01*目录下。

## 交互式方式实现分区步骤

### 选择操作磁盘

**parted**命令后跟上欲操作磁盘的名字即可选择此设备进行操作。

```
[root@kvm ~]# parted /dev/sdb
GNU Parted 3.1
Using /dev/sdb
Welcome to GNU Parted! Type 'help' to view a list of commands.
```

### 新建磁盘标签类型为GPT

因为parted命令只能针对gpt格式的磁盘进行操作，所以这里必须将新建的磁盘标签格式设为gpt。

```
(parted) mklabel gpt
```

### 分区

#### 命令格式

```
mkpart PART-TYPE [FS-TYPE] START END
```

- PART-TYPE(分区类型)

  - primary
    主分区
  - logical
    逻辑分区
  - extended
    扩展分区

- FS-TYPE(文件系统类型)

  - ext4
  - ext3
  - ext2
  - xfs
  - 其他......

- START

  设定磁盘分区起始点；可以为0，numberMiB/GiB/TiB；

  - 0
    设定当前分区的起始点为磁盘的第一个扇区；
  - 1G
    设定当前分区的起始点为磁盘的1G处开始；

- END

  设定磁盘分区结束点；

  - -1
    设定当前分区的结束点为磁盘的最后一个扇区；
  - 10G
    设定当前分区的结束点为磁盘的10G处；

#### 将/dev/sdb整个空间分给同一个分区

```
(parted) mkpart primary 0 -1                                              
Warning: The resulting partition is not properly aligned for best performance.
Ignore/Cancel? I
(parted) p                                                                
Model: AVAGO AVAGO (scsi)
Disk /dev/sdb: 18.0TB
Sector size (logical/physical): 512B/4096B
Partition Table: gpt
Disk Flags: 

Number  Start   End     Size    File system  Name     Flags
 1      17.4kB  18.0TB  18.0TB               primary
(parted) q                                                                
Information: You may need to update /etc/fstab.
```

### 格式化分区

因为整个**/dev/sdb**只分了一个区，则这个分区名默认会分配为**/dev/sdb1**；使用**mkfs**命令将**/dev/sdb1**分区格式化为**ext4**。

```
[root@kvm ~]# mkfs -t ext4 /dev/sdb1                 
mke2fs 1.42.9 (28-Dec-2013)
/dev/sdb1 alignment is offset by 244736 bytes.
This may result in very poor performance, (re)-partitioning suggested.
Filesystem label=
OS type: Linux
Block size=4096 (log=2)
Fragment size=4096 (log=2)
Stride=64 blocks, Stripe width=64 blocks
274659328 inodes, 4394530311 blocks
219726515 blocks (5.00%) reserved for the super user
First data block=0
134111 block groups
32768 blocks per group, 32768 fragments per group
2048 inodes per group
Superblock backups stored on blocks: 
        32768, 98304, 163840, 229376, 294912, 819200, 884736, 1605632, 2654208, 
        4096000, 7962624, 11239424, 20480000, 23887872, 71663616, 78675968, 
        102400000, 214990848, 512000000, 550731776, 644972544, 1934917632, 
        2560000000, 3855122432

Allocating group tables: done
Writing inode tables: done
Creating journal (32768 blocks): done
Writing superblocks and filesystem accounting information: done
```

### 设定分区label(非必要)

```
[root@kvm ~]# e2label /dev/sdb1 /gfsdata01
```

### 创建挂载目录

```
[root@kvm ~]# mkdir /gfsdata01
```

### 临时挂载分区

```repl
[root@kvm ~]# mount /dev/sdb1 /gfsdata01
[root@kvm ~]# df -h
Filesystem                   Size  Used Avail Use% Mounted on
/dev/mapper/root_vg-lv_root   89G  2.6G   82G   4% /
devtmpfs                     126G     0  126G   0% /dev
tmpfs                        126G     0  126G   0% /dev/shm
tmpfs                        126G  2.0M  126G   1% /run
tmpfs                        126G     0  126G   0% /sys/fs/cgroup
/dev/sda1                    976M  216M  694M  24% /boot
/dev/sda7                     99G   61M   94G   1% /home
/dev/sda8                     62G   53M   59G   1% /tmp
/dev/sda6                     99G   61M   94G   1% /app
tmpfs                         26G     0   26G   0% /run/user/1014
tmpfs                         26G     0   26G   0% /run/user/0
/dev/sdb1                     17T   20K   16T   1% /gfsdata01
```

### 开机自动挂载(永久挂载)

即修改**/etc/fstab**文件。

```
echo '/dev/sdb1 /gfsdata01    ext4    defaults    0 0' >>/etc/fstab
```

## 非交互式方式实现脚本

适用于需要在多台主机上进行同样的分区操作，可以通过**ansible**工具调用脚本实现批量分区配置挂载等操作。

```
[root@kvm ~]# cat ./auto_partition.sh 
#!/bin/bash
# 新建/dev/sdb的磁盘标签类型为GPT
parted /dev/sdb mklabel gpt 
# 将/dev/sdb整个空间分给同一个分区
parted /dev/sdb mkpart primary 0 100%
# 忽略警告
ignore
# 格式化分区
mkfs -t ext4 /dev/sdb1
# 设定分区label(非必要)
e2label /dev/sdb1 /gfsdata01
# 创建挂载目录
mkdir /gfsdata01
# 临时挂载
mount /dev/sdb1 /gfsdata01
# 开机自动挂载(永久挂载)
echo '/dev/sdb1 /gfsdata01       ext4    defaults        0 0'>>/etc/fstab
[root@kvm ~]# 
```

# parted的其他常用子命令

## 删除分区(rm子命令)

**rm NUMBER**：**NUMBER**即为**parted**子命令**p**回显的**Number**对应的数字；
*此命令慎用！！！如果要删除的分区内已有数据，那么此命令会删除其中的所有数据，并且是不可逆的。*

```
(parted) p                                                                
Model: AVAGO AVAGO (scsi)
Disk /dev/sdb: 18.0TB
Sector size (logical/physical): 512B/4096B
Partition Table: gpt
Disk Flags: 

Number  Start   End     Size    File system  Name     Flags
 1      17.4kB  4096GB  4096GB               primary

(parted) rm 1                                                             
(parted) p                                                                
Model: AVAGO AVAGO (scsi)
Disk /dev/sdb: 18.0TB
Sector size (logical/physical): 512B/4096B
Partition Table: gpt
Disk Flags: 

Number  Start  End  Size  File system  Name  Flags

(parted)
```